atlas-user.cat_avg_yearly_rainfall_0.mbtiles   
atlas-user.cat_avg_yearly_rainfall_1.mbtiles   
atlas-user.cat_avg_yearly_rainfall_2.mbtiles   
atlas-user.con_aspect_0.mbtiles                
atlas-user.con_aspect_1.mbtiles                
atlas-user.con_aspect_2.mbtiles                
atlas-user.con_direct_solar_radiation_0.mbtiles
atlas-user.con_direct_solar_radiation_1.mbtiles
atlas-user.con_direct_solar_radiation_2.mbtiles
atlas-user.con_elevation_0.mbtiles             
atlas-user.con_elevation_1.mbtiles             
atlas-user.con_elevation_2.mbtiles             
atlas-user.con_slope_0.mbtiles   
atlas-user.con_slope_1.mbtiles   
atlas-user.con_slope_2.mbtiles   
atlas-user.vegetation_0_1.mbtiles
atlas-user.vegetation_0_2.mbtiles
atlas-user.vegetation_1_1.mbtiles
atlas-user.vegetation_1_2.mbtiles
atlas-user.vegetation_2_1.mbtiles
atlas-user.vegetation_2_2.mbtiles
atlas-user.vegetation_3_1.mbtiles
atlas-user.vegetation_3_2.mbtiles
atlas-user.vegetation_4_1.mbtiles
atlas-user.vegetation_4_2.mbtiles
atlas-user.vegetation_5_1.mbtiles
atlas-user.vegetation_5_2.mbtiles
atlas-user.vegetation_6_1.mbtiles
atlas-user.vegetation_6_2.mbtiles
atlas-user.vegetation_7_1.mbtiles
atlas-user.vegetation_7_2.mbtiles
atlas-user.vegetation_8_1.mbtiles
atlas-user.vegetation_8_2.mbtiles
atlas-user.vegetation_9_1.mbtiles
atlas-user.vegetation_9_2.mbtiles